3:I first initiated a github repo for the assignment but no error occured
